apiVersion: v1
data:
  metrics-collector-sidecar: |-
    {
      "StdOut": {
        "image": "gcr.io/kubeflow-images-public/katib/v1alpha3/file-metrics-collector:5df1bd2"
      },
      "File": {
        "image": "gcr.io/kubeflow-images-public/katib/v1alpha3/file-metrics-collector:5df1bd2"
      },
      "TensorFlowEvent": {
        "image": "gcr.io/kubeflow-images-public/katib/v1alpha3/tfevent-metrics-collector:5df1bd2",
        "resources": {
          "limits": {
            "memory": "1Gi"
          }
        }
      }
    }
  suggestion: |-
    {
      "random": {
        "image": "gcr.io/kubeflow-images-public/katib/v1alpha3/suggestion-hyperopt:5df1bd2"
      },
      "grid": {
        "image": "gcr.io/kubeflow-images-public/katib/v1alpha3/suggestion-chocolate:5df1bd2"
      },
      "hyperband": {
        "image": "gcr.io/kubeflow-images-public/katib/v1alpha3/suggestion-hyperband:5df1bd2"
      },
      "bayesianoptimization": {
        "image": "gcr.io/kubeflow-images-public/katib/v1alpha3/suggestion-skopt:5df1bd2"
      },
      "tpe": {
        "image": "gcr.io/kubeflow-images-public/katib/v1alpha3/suggestion-hyperopt:5df1bd2"
      },
      "enas": {
        "image": "gcr.io/kubeflow-images-public/katib/v1alpha3/suggestion-enas:5df1bd2",
        "imagePullPolicy": "Always",
        "resources": {
          "limits": {
            "memory": "200Mi"
          }
        }
      },
      "cmaes": {
        "image": "gcr.io/kubeflow-images-public/katib/v1alpha3/suggestion-goptuna:5df1bd2"
      },
      "darts": {
        "image": "gcr.io/kubeflow-images-public/katib/v1alpha3/suggestion-darts:5df1bd2"
      }
    }
kind: ConfigMap
metadata:
  labels:
    app.kubernetes.io/component: katib
    app.kubernetes.io/name: katib-controller
  name: katib-config
  namespace: kubeflow
