apiVersion: v1
data:
  clusterDomain: cluster.local
  katib-ui-clusterDomain: cluster.local
  userid-header: X-Goog-Authenticated-User-Email
  userid-prefix: 'accounts.google.com:'
kind: ConfigMap
metadata:
  name: kubeflow-config-78t9btmhbc
  namespace: kubeflow
