apiVersion: v1
data:
  clusterDomain: cluster.local
  katib-ui-clusterDomain: cluster.local
  project: alice-gcp
  userid-header: X-Goog-Authenticated-User-Email
  userid-prefix: 'accounts.google.com:'
  zone: us-east1-d
kind: ConfigMap
metadata:
  name: kubeflow-config-d2dm9cgdk2
  namespace: kubeflow
